
[1m[46m RUN [49m[22m [36mv4.0.18 [39m[90mC:/dev3/open-cowork[39m

[90mstdout[2m | tests/sandbox-adapter.test.ts[2m > [22m[2mSandboxAdapter[2m > [22m[2mshould initialize successfully in fallback mode if sandbox is disabled
[22m[39m[2026-03-07 19:42:27.068] [SandboxAdapter] Initializing on platform: win32
[Logger] Log file initialized: C:\Users\aacke\AppData\Local\Temp\userData\logs\app-2026-03-07_19-42-27-070.log
[2026-03-07 19:42:27.072] [SandboxAdapter] Sandbox disabled by user configuration, using native mode

node.exe : 
[90mstderr[2m | test
s/sandbox-adapter.test
.ts[2m > [22m[2mSan
dboxAdapter[2m > 
[22m[2mshould 
initialize 
successfully in 
fallback mode if 
sandbox is disabled
At line:1 char:1
+ & "C:\Program Files\
nodejs/node.exe" "C:\U
sers\aacke\AppData\Roa
ming\ ...
+ ~~~~~~~~~~~~~~~~~~~~
~~~~~~~~~~~~~~~~~~~~~~
~~~~~~~~~~~~~~~~~~~~~~
~~~~~
    + CategoryInfo    
          : NotSpeci  
  fied: ([90mstder   
 r[2m...box is di    
sabled:String) []    
, RemoteException
    + FullyQualifiedE 
   rrorId : NativeCo  
  mmandError
 
[22m[39m[2026-03-07 
19:42:27.073] 
[SandboxAdapter] 
Falling back to 
native execution, no 
window to show dialog

[90mstdout[2m | tests/sandbox-adapter.test.ts[2m > [22m[2mSandboxAdapter[2m > [22m[2mshould initialize successfully in fallback mode if sandbox is disabled
[22m[39m[2026-03-07 19:42:27.073] [NativeExecutor] Initialized with workspace: C:\Users\aacke\AppData\Local\Temp\sandbox-test-xJPcgQ

[90mstdout[2m | tests/sandbox-adapter.test.ts[2m > [22m[2mSandboxAdapter[2m > [22m[2mshould initialize successfully in fallback mode if sandbox is disabled
[22m[39m[2026-03-07 19:42:27.073] [SandboxAdapter] =============================================
[2026-03-07 19:42:27.074] [SandboxAdapter] [!] SANDBOX MODE: Native (Windows - No WSL Isolation)
[2026-03-07 19:42:27.074] [SandboxAdapter] =============================================

[90mstdout[2m | tests/sandbox-adapter.test.ts[2m > [22m[2mSandboxAdapter[2m > [22m[2mshould initialize successfully in fallback mode if sandbox is disabled
[22m[39m[2026-03-07 19:42:27.074] [SandboxAdapter] Initialized with mode: native

 [32mΓ£ô[39m tests/sandbox-adapter.test.ts [2m([22m[2m2 tests[22m[2m)[22m[32m 11[2mms[22m[39m

[2m Test Files [22m [1m[32m1 passed[39m[22m[90m (1)[39m
[2m      Tests [22m [1m[32m2 passed[39m[22m[90m (2)[39m
[2m   Start at [22m 12:42:25
[2m   Duration [22m 1.22s[2m (transform 174ms, setup 0ms, import 476ms, tests 11ms, environment 0ms)[22m

