src/main/claude/agent-runner.ts(77,11): error TS6133: '__extractionMarker' is declared but its value is never read.
src/main/claude/agent-runner.ts(1648,8): error TS2339: Property 'getMCPToolsPrompt' does not exist on type 'ClaudeAgentRunner'.
src/main/vm/navi-guest-client.ts(30,11): error TS6133: 'vmId' is declared but its value is never read.
src/main/vm/vm-manager.ts(28,3): error TS6196: 'GuestProvisionProgress' is declared but never used.
src/main/vm/vm-manager.ts(31,10): error TS6133: 'VMGuestProvisioner' is declared but its value is never read.
src/openclaw/server/index.ts(54,3): error TS6133: 'platformSkill' is declared but its value is never read.
